src/components/layout/notification-bell.tsx(108,39): error TS7053: Element implicitly has an 'any' type because expression of type 'NotificationKind' can't be used to index type '{ readonly "review-approved": { readonly Icon: IconType; readonly cls: "text-success-700 bg-success-50"; }; readonly "review-rejected": { readonly Icon: IconType; readonly cls: "text-danger-700 bg-danger-50"; }; readonly "report-update": { ...; }; readonly reminder: { ...; }; }'.
  Property 'supplementary' does not exist on type '{ readonly "review-approved": { readonly Icon: IconType; readonly cls: "text-success-700 bg-success-50"; }; readonly "review-rejected": { readonly Icon: IconType; readonly cls: "text-danger-700 bg-danger-50"; }; readonly "report-update": { ...; }; readonly reminder: { ...; }; }'.
EXIT 2
